
> ai-recruiter2@0.1.0 test
> jest --coverage --passWithNoTests __tests__/QuestionList.test.jsx

  console.log
    onFinish triggered. User: test@mail.com Questions: 1

      at log (E:\NextJS\ai-recruiter2\app\(main)../../dashboard/create-interview/_components/QuestionList.jsx:29:13)

  console.log
    Generated interview_id: mock-uuid-123

      at log (E:\NextJS\ai-recruiter2\app\(main)../../dashboard/create-interview/_components/QuestionList.jsx:45:13)

  console.log
    Starting Supabase insert...

      at log (E:\NextJS\ai-recruiter2\app\(main)../../dashboard/create-interview/_components/QuestionList.jsx:47:13)

  console.log
    Supabase insert success. Response data: [ { interview_id: '123' } ]

      at log (E:\NextJS\ai-recruiter2\app\(main)../../dashboard/create-interview/_components/QuestionList.jsx:70:13)

  console.log
    Calling onCreateLink...

      at log (E:\NextJS\ai-recruiter2\app\(main)../../dashboard/create-interview/_components/QuestionList.jsx:73:13)

  console.log
    onFinish triggered. User: test@mail.com Questions: 1

      at log (E:\NextJS\ai-recruiter2\app\(main)../../dashboard/create-interview/_components/QuestionList.jsx:29:13)

  console.log
    Generated interview_id: mock-uuid-123

      at log (E:\NextJS\ai-recruiter2\app\(main)../../dashboard/create-interview/_components/QuestionList.jsx:45:13)

  console.log
    Starting Supabase insert...

      at log (E:\NextJS\ai-recruiter2\app\(main)../../dashboard/create-interview/_components/QuestionList.jsx:47:13)

node.exe : FAIL __tests__/Qu
estionList.test.jsx
At C:\Users\user\AppData\Roa
ming\npm\npm.ps1:24 char:5
+     & "node$exe"  "$basedi
r/node_modules/npm/bin/npm-c
li.js" $args
+     ~~~~~~~~~~~~~~~~~~~~~~
~~~~~~~~~~~~~~~~~~~~~~~~~~~~
~~~~~~~~~~~~
    + CategoryInfo          
    : NotSpecified: (FAIL   
  __tests__/QuestionList.   
 test.jsx:String) [], Re    
moteException
    + FullyQualifiedErrorId 
    : NativeCommandError
 
  QuestionList Component
    ΓêÜ renders loading 
state when 
initialQuestionList is 
empty (84 ms)
    ΓêÜ renders question 
list when 
initialQuestionList is 
provided (10 ms)
    ΓêÜ prevents finish 
when loading/no questions 
(button disabled) (16 ms)
    ΓêÜ successfully 
finishes and calls 
onCreateLink (121 ms)
    ├ù handles supabase 
insert error (1038 ms)

  ΓùÅ QuestionList 
Component ΓÇ║ handles 
supabase insert error

    expect(jest.fn()).toHave
BeenCalledWith(...expected)

    Expected: "Failed to 
save interview: DB failure"

    Number of calls: 0

    Ignored nodes: 
comments, script, style
    [36m<html>[39m
      [36m<head />[39m
      [36m<body>[39m
        [36m<div>[39m
          [36m<div[39m
            
[33mclass[39m=[32m"flex 
flex-col gap-6"[39m
          [36m>[39m
            [36m<div[39m
              [33mclass[39
m=[32m"space-y-6"[39m
            [36m>[39m
              [36m<h2[39m
                [33mclass[
39m=[32m"text-h3 
text-slate-900"[39m
              [36m>[39m
                
[0mGenerated Interview 
Questions[0m
              
[36m</h2>[39m
              [36m<div[39m
                
[33mclass[39m=[32m"p-6 
border border-slate-100 
rounded-2xl bg-white 
shadow-sm"[39m
              [36m>[39m
                
[36m<div[39m
                  
[33mclass[39m=[32m"p-4 
border border-slate-50 
rounded-xl mb-4 
bg-slate-50/30 
last:mb-0"[39m
                [36m>[39m
                  
[36m<h2[39m
                    [33mcla
ss[39m=[32m"text-body 
font-semibold 
text-slate-800 mb-1 
leading-relaxed"[39m
                  
[36m>[39m
                    
[0mQ1[0m
                  
[36m</h2>[39m
                  
[36m<h2[39m
                    [33mcla
ss[39m=[32m"text-label 
text-slate-400 font-bold 
uppercase 
tracking-wider"[39m
                  
[36m>[39m
                    
[0mType: [0m
                    
[0mStandard[0m
                  
[36m</h2>[39m
                
[36m</div>[39m
              
[36m</div>[39m
            [36m</div>[39m
            [36m<div[39m
              
[33mclass[39m=[32m"flex 
justify-end pt-8 border-t 
border-slate-50 mt-4"[39m
            [36m>[39m
              
[36m<button[39m
                [33mclass[
39m=[32m"justify-center 
cursor-pointer 
whitespace-nowrap text-sm di
sabled:pointer-events-none 
disabled:opacity-50 
[&_svg]:pointer-events-none 
[&_svg:not([class*='size-'])
]:size-4 shrink-0 
[&_svg]:shrink-0 
outline-none 
focus-visible:border-ring 
focus-visible:ring-ring/50 
focus-visible:ring-[3px] ari
a-invalid:ring-destructive/2
0 dark:aria-invalid:ring-des
tructive/40 aria-invalid:bor
der-destructive py-2 
has-[>svg]:px-3 h-12 px-10 
rounded-xl bg-primary 
hover:bg-primary-dark 
text-body font-bold 
shadow-lg shadow-primary/20 
transition-all 
active:scale-95 flex 
items-center gap-2"[39m
                [33mdata-sl
ot[39m=[32m"button"[39m
                [33mdisable
d[39m=[32m""[39m
              [36m>[39m
                
[36m<svg[39m
                  [33maria-
hidden[39m=[32m"true"[39m
                  [33mclass
[39m=[32m"lucide 
lucide-loader-circle 
animate-spin h-5 w-5"[39m
                  [33mfill
[39m=[32m"none"[39m
                  [33mheigh
t[39m=[32m"24"[39m
                  [33mstrok
e[39m=[32m"currentColor"[
39m
                  [33mstrok
e-linecap[39m=[32m"round"
[39m
                  [33mstrok
e-linejoin[39m=[32m"round"
[39m
                  [33mstrok
e-width[39m=[32m"2"[39m
                  
[33mviewBox[39m=[32m"0 0 
24 24"[39m
                  [33mwidth
[39m=[32m"24"[39m
                  [33mxmlns
[39m=[32m"http://www.w3.or
g/2000/svg"[39m
                [36m>[39m
                  
[36m<path[39m
                    
[33md[39m=[32m"M21 12a9 
9 0 1 1-6.219-8.56"[39m
                  
[36m/>[39m
                
[36m</svg>[39m
                [0mCreate 
Interview Link & Finish[0m
              
[36m</button>[39m
            [36m</div>[39m
          [36m</div>[39m
        [36m</div>[39m
      [36m</body>[39m
    [36m</html>[39m

    [0m [90m 105 |[39m
     [90m 106 |[39m     
[36mawait[39m waitFor(() 
[33m=>[39m
    
[31m[1m>[22m[39m[90m 
107 |[39m       expect(toas
t[33m.[39merror)[33m.[39
mtoHaveBeenCalledWith([32m"
Failed to save interview: 
DB failure"[39m)
     [90m     |[39m       
                    
[31m[1m^[22m[39m
     [90m 108 |[39m     
)[33m;[39m
     [90m 109 |[39m
     [90m 110 |[39m     co
nsoleSpy[33m.[39mmockResto
re()[33m;[39m[0m

      at 
toHaveBeenCalledWith (__test
s__/QuestionList.test.jsx:10
7:27)
      at runWithExpensiveErr
orDiagnosticsDisabled (node_
modules/@testing-library/dom
/dist/config.js:47:12)
      at checkCallback (node
_modules/@testing-library/do
m/dist/wait-for.js:124:77)
      at 
checkRealTimersCallback (nod
e_modules/@testing-library/d
om/dist/wait-for.js:118:16)
      at Timeout.task [as 
_onTimeout] (node_modules/js
dom/lib/jsdom/browser/Window
.js:579:19)

  ΓùÅ QuestionList 
Component ΓÇ║ handles 
supabase insert error

    TypeError: _supabaseClie
nt.supabase.from(...).insert
(...).select is not a 
function

    [0m [90m 59 |[39m    
     }[33m,[39m
     [90m 60 |[39m       
])
    
[31m[1m>[22m[39m[90m 
61 |[39m       
[33m.[39mselect()
     [90m    |[39m        
[31m[1m^[22m[39m
     [90m 62 |[39m
     [90m 63 |[39m     
[36mif[39m (error) {
     [90m 64 |[39m       c
onsole[33m.[39merror([32m
"Supabase insert 
error:"[39m[33m,[39m 
error)[0m

      at select (E:\NextJS\a
i-recruiter2\app\(main)../..
/dashboard/create-interview/
_components/QuestionList.jsx
:61:8)
      at HTMLUnknownElement.
callCallback (node_modules/r
eact-dom/cjs/react-dom.devel
opment.js:4164:14)
      at HTMLUnknownElement.
callTheUserObjectsOperation 
(node_modules/jsdom/lib/jsdo
m/living/generated/EventList
ener.js:26:30)
      at 
innerInvokeEventListeners (n
ode_modules/jsdom/lib/jsdom/
living/events/EventTarget-im
pl.js:350:25)
      at 
invokeEventListeners (node_m
odules/jsdom/lib/jsdom/livin
g/events/EventTarget-impl.js
:286:3)
      at HTMLUnknownElementI
mpl._dispatch (node_modules/
jsdom/lib/jsdom/living/event
s/EventTarget-impl.js:233:9)
      at HTMLUnknownElementI
mpl.dispatchEvent (node_modu
les/jsdom/lib/jsdom/living/e
vents/EventTarget-impl.js:10
4:17)
      at HTMLUnknownElement.
dispatchEvent (node_modules/
jsdom/lib/jsdom/living/gener
ated/EventTarget.js:241:34)
      at Object.invokeGuarde
dCallbackDev (node_modules/r
eact-dom/cjs/react-dom.devel
opment.js:4213:16)
      at 
invokeGuardedCallback (node_
modules/react-dom/cjs/react-
dom.development.js:4277:31)
      at invokeGuardedCallba
ckAndCatchFirstError (node_m
odules/react-dom/cjs/react-d
om.development.js:4291:25)
      at executeDispatch (no
de_modules/react-dom/cjs/rea
ct-dom.development.js:9041:3
)
      at processDispatchQueu
eItemsInOrder (node_modules/
react-dom/cjs/react-dom.deve
lopment.js:9073:7)
      at 
processDispatchQueue (node_m
odules/react-dom/cjs/react-d
om.development.js:9086:5)
      at 
dispatchEventsForPlugins (no
de_modules/react-dom/cjs/rea
ct-dom.development.js:9097:3
)
      at node_modules/react-
dom/cjs/react-dom.developmen
t.js:9288:12
      at batchedUpdates$1 (n
ode_modules/react-dom/cjs/re
act-dom.development.js:26140
:12)
      at batchedUpdates (nod
e_modules/react-dom/cjs/reac
t-dom.development.js:3991:12
)
      at dispatchEventForPlu
ginEventSystem (node_modules
/react-dom/cjs/react-dom.dev
elopment.js:9287:3)
      at dispatchEventWithEn
ableCapturePhaseSelectiveHyd
rationWithoutDiscreteEventRe
play (node_modules/react-dom
/cjs/react-dom.development.j
s:6465:5)
      at dispatchEvent (node
_modules/react-dom/cjs/react
-dom.development.js:6457:5)
      at 
dispatchDiscreteEvent (node_
modules/react-dom/cjs/react-
dom.development.js:6430:5)
      at HTMLDivElement.call
TheUserObjectsOperation (nod
e_modules/jsdom/lib/jsdom/li
ving/generated/EventListener
.js:26:30)
      at 
innerInvokeEventListeners (n
ode_modules/jsdom/lib/jsdom/
living/events/EventTarget-im
pl.js:350:25)
      at 
invokeEventListeners (node_m
odules/jsdom/lib/jsdom/livin
g/events/EventTarget-impl.js
:286:3)
      at HTMLButtonElementIm
pl._dispatch (node_modules/j
sdom/lib/jsdom/living/events
/EventTarget-impl.js:233:9)
      at HTMLButtonElementIm
pl.dispatchEvent (node_modul
es/jsdom/lib/jsdom/living/ev
ents/EventTarget-impl.js:104
:17)
      at HTMLButtonElement.d
ispatchEvent (node_modules/j
sdom/lib/jsdom/living/genera
ted/EventTarget.js:241:34)
      at node_modules/@testi
ng-library/dom/dist/events.j
s:19:20
      at node_modules/@testi
ng-library/react/dist/pure.j
s:108:16
      at node_modules/@testi
ng-library/react/dist/act-co
mpat.js:48:24
      at act (node_modules/r
eact/cjs/react.development.j
s:2512:16)
      at node_modules/@testi
ng-library/react/dist/act-co
mpat.js:47:25
      at 
Object.eventWrapper (node_mo
dules/@testing-library/react
/dist/pure.js:107:28)
      at fireEvent (node_mod
ules/@testing-library/dom/di
st/events.js:12:35)
      at Function.fireEvent.
<computed> [as click] (node_
modules/@testing-library/dom
/dist/events.js:110:36)
      at Function.fireEvent.
<computed> [as click] (node_
modules/@testing-library/rea
ct/dist/fire-event.js:15:52)
      at Object.click (__tes
ts__/QuestionList.test.jsx:1
04:15)

  ΓùÅ QuestionList 
Component ΓÇ║ handles 
supabase insert error

    TypeError: _supabaseClie
nt.supabase.from(...).insert
(...).select is not a 
function

    [0m [90m 59 |[39m    
     }[33m,[39m
     [90m 60 |[39m       
])
    
[31m[1m>[22m[39m[90m 
61 |[39m       
[33m.[39mselect()
     [90m    |[39m        
[31m[1m^[22m[39m
     [90m 62 |[39m
     [90m 63 |[39m     
[36mif[39m (error) {
     [90m 64 |[39m       c
onsole[33m.[39merror([32m
"Supabase insert 
error:"[39m[33m,[39m 
error)[0m

      at select (E:\NextJS\a
i-recruiter2\app\(main)../..
/dashboard/create-interview/
_components/QuestionList.jsx
:61:8)
      at HTMLUnknownElement.
callCallback (node_modules/r
eact-dom/cjs/react-dom.devel
opment.js:4164:14)
      at HTMLUnknownElement.
callTheUserObjectsOperation 
(node_modules/jsdom/lib/jsdo
m/living/generated/EventList
ener.js:26:30)
      at 
innerInvokeEventListeners (n
ode_modules/jsdom/lib/jsdom/
living/events/EventTarget-im
pl.js:350:25)
      at 
invokeEventListeners (node_m
odules/jsdom/lib/jsdom/livin
g/events/EventTarget-impl.js
:286:3)
      at HTMLUnknownElementI
mpl._dispatch (node_modules/
jsdom/lib/jsdom/living/event
s/EventTarget-impl.js:233:9)
      at HTMLUnknownElementI
mpl.dispatchEvent (node_modu
les/jsdom/lib/jsdom/living/e
vents/EventTarget-impl.js:10
4:17)
      at HTMLUnknownElement.
dispatchEvent (node_modules/
jsdom/lib/jsdom/living/gener
ated/EventTarget.js:241:34)
      at Object.invokeGuarde
dCallbackDev (node_modules/r
eact-dom/cjs/react-dom.devel
opment.js:4213:16)
      at 
invokeGuardedCallback (node_
modules/react-dom/cjs/react-
dom.development.js:4277:31)
      at invokeGuardedCallba
ckAndCatchFirstError (node_m
odules/react-dom/cjs/react-d
om.development.js:4291:25)
      at executeDispatch (no
de_modules/react-dom/cjs/rea
ct-dom.development.js:9041:3
)
      at processDispatchQueu
eItemsInOrder (node_modules/
react-dom/cjs/react-dom.deve
lopment.js:9073:7)
      at 
processDispatchQueue (node_m
odules/react-dom/cjs/react-d
om.development.js:9086:5)
      at 
dispatchEventsForPlugins (no
de_modules/react-dom/cjs/rea
ct-dom.development.js:9097:3
)
      at node_modules/react-
dom/cjs/react-dom.developmen
t.js:9288:12
      at batchedUpdates$1 (n
ode_modules/react-dom/cjs/re
act-dom.development.js:26140
:12)
      at batchedUpdates (nod
e_modules/react-dom/cjs/reac
t-dom.development.js:3991:12
)
      at dispatchEventForPlu
ginEventSystem (node_modules
/react-dom/cjs/react-dom.dev
elopment.js:9287:3)
      at dispatchEventWithEn
ableCapturePhaseSelectiveHyd
rationWithoutDiscreteEventRe
play (node_modules/react-dom
/cjs/react-dom.development.j
s:6465:5)
      at dispatchEvent (node
_modules/react-dom/cjs/react
-dom.development.js:6457:5)
      at 
dispatchDiscreteEvent (node_
modules/react-dom/cjs/react-
dom.development.js:6430:5)
      at HTMLDivElement.call
TheUserObjectsOperation (nod
e_modules/jsdom/lib/jsdom/li
ving/generated/EventListener
.js:26:30)
      at 
innerInvokeEventListeners (n
ode_modules/jsdom/lib/jsdom/
living/events/EventTarget-im
pl.js:350:25)
      at 
invokeEventListeners (node_m
odules/jsdom/lib/jsdom/livin
g/events/EventTarget-impl.js
:286:3)
      at HTMLButtonElementIm
pl._dispatch (node_modules/j
sdom/lib/jsdom/living/events
/EventTarget-impl.js:233:9)
      at HTMLButtonElementIm
pl.dispatchEvent (node_modul
es/jsdom/lib/jsdom/living/ev
ents/EventTarget-impl.js:104
:17)
      at HTMLButtonElement.d
ispatchEvent (node_modules/j
sdom/lib/jsdom/living/genera
ted/EventTarget.js:241:34)
      at node_modules/@testi
ng-library/dom/dist/events.j
s:19:20
      at node_modules/@testi
ng-library/react/dist/pure.j
s:108:16
      at node_modules/@testi
ng-library/react/dist/act-co
mpat.js:48:24
      at act (node_modules/r
eact/cjs/react.development.j
s:2512:16)
      at node_modules/@testi
ng-library/react/dist/act-co
mpat.js:47:25
      at 
Object.eventWrapper (node_mo
dules/@testing-library/react
/dist/pure.js:107:28)
      at fireEvent (node_mod
ules/@testing-library/dom/di
st/events.js:12:35)
      at Function.fireEvent.
<computed> [as click] (node_
modules/@testing-library/dom
/dist/events.js:110:36)
      at Function.fireEvent.
<computed> [as click] (node_
modules/@testing-library/rea
ct/dist/fire-event.js:15:52)
      at Object.click (__tes
ts__/QuestionList.test.jsx:1
04:15)

----------------------------|---------|----------|---------|---------|-------------------
File                        | % Stmts | % Branch | % Funcs | % Lines | Uncovered Line #s 
----------------------------|---------|----------|---------|---------|-------------------
All files                   |   79.16 |    79.16 |     100 |   78.26 |                   
 QuestionList.jsx           |   77.27 |    77.27 |     100 |   76.74 | 32-34,38-40,64-67 
 QuestionsListContainer.jsx |     100 |      100 |     100 |     100 |                   
----------------------------|---------|----------|---------|---------|-------------------
Test Suites: 1 failed, 1 
total
Tests:       1 failed, 4 
passed, 5 total
Snapshots:   0 total
Time:        3.414 s
Ran all test suites 
matching __tests__/QuestionL
ist.test.jsx.
